// Jest Snapshot v1, https://goo.gl/fbAQLP

exports[`renders correctly 1`] = `
<View
  accessible={true}
  collapsable={false}
  focusable={true}
  onClick={[Function]}
  onResponderGrant={[Function]}
  onResponderMove={[Function]}
  onResponderRelease={[Function]}
  onResponderTerminate={[Function]}
  onResponderTerminationRequest={[Function]}
  onStartShouldSetResponder={[Function]}
  style={
    Object {
      "alignItems": "center",
      "backgroundColor": "rgb(0, 122, 255)",
      "borderRadius": 10,
      "height": 32,
      "justifyContent": "center",
      "opacity": 1,
      "width": 128,
    }
  }
>
  <Text
    style={
      Object {
        "color": "rgb(255, 255, 255)",
      }
    }
  >
    Navigate
  </Text>
</View>
`;
